
Discarded input sections

 .text          0x00000000        0x0 main.o
 .data          0x00000000        0x0 main.o
 .bss           0x00000000        0x0 main.o
 .text          0x00000000        0x0 system_stm32f10x.o
 .data          0x00000000        0x0 system_stm32f10x.o
 .bss           0x00000000        0x0 system_stm32f10x.o
 .text          0x00000000        0x0 gpio.o
 .data          0x00000000        0x0 gpio.o
 .bss           0x00000000        0x0 gpio.o
 .text.GPIO_DeInit
                0x00000000       0xe4 gpio.o
 .text.GPIO_AFIODeInit
                0x00000000       0x18 gpio.o
 .text.GPIO_StructInit
                0x00000000       0x26 gpio.o
 .text.GPIO_ReadInputDataBit
                0x00000000       0x32 gpio.o
 .text.GPIO_ReadInputData
                0x00000000       0x18 gpio.o
 .text.GPIO_ReadOutputDataBit
                0x00000000       0x32 gpio.o
 .text.GPIO_ReadOutputData
                0x00000000       0x18 gpio.o
 .text.GPIO_WriteBit
                0x00000000       0x2e gpio.o
 .text.GPIO_Write
                0x00000000       0x1c gpio.o
 .text.GPIO_PinLockConfig
                0x00000000       0x42 gpio.o
 .text.GPIO_EventOutputConfig
                0x00000000       0x4c gpio.o
 .text.GPIO_EventOutputCmd
                0x00000000       0x20 gpio.o
 .text.GPIO_PinRemapConfig
                0x00000000       0xe0 gpio.o
 .text.GPIO_EXTILineConfig
                0x00000000       0x80 gpio.o
 .text.GPIO_ETH_MediaInterfaceConfig
                0x00000000       0x1c gpio.o
 .text          0x00000000        0x0 rcc.o
 .data          0x00000000        0x0 rcc.o
 .bss           0x00000000        0x0 rcc.o
 .rodata.APBAHBPrescTable
                0x00000000       0x10 rcc.o
 .rodata.ADCPrescTable
                0x00000000        0x4 rcc.o
 .text.RCC_DeInit
                0x00000000       0x5c rcc.o
 .text.RCC_HSEConfig
                0x00000000       0x5c rcc.o
 .text.RCC_WaitForHSEStartUp
                0x00000000       0x50 rcc.o
 .text.RCC_AdjustHSICalibrationValue
                0x00000000       0x3c rcc.o
 .text.RCC_HSICmd
                0x00000000       0x20 rcc.o
 .text.RCC_PLLConfig
                0x00000000       0x3c rcc.o
 .text.RCC_PLLCmd
                0x00000000       0x20 rcc.o
 .text.RCC_SYSCLKConfig
                0x00000000       0x38 rcc.o
 .text.RCC_GetSYSCLKSource
                0x00000000       0x1c rcc.o
 .text.RCC_HCLKConfig
                0x00000000       0x38 rcc.o
 .text.RCC_PCLK1Config
                0x00000000       0x38 rcc.o
 .text.RCC_PCLK2Config
                0x00000000       0x38 rcc.o
 .text.RCC_ITConfig
                0x00000000       0x4c rcc.o
 .text.RCC_USBCLKConfig
                0x00000000       0x1c rcc.o
 .text.RCC_ADCCLKConfig
                0x00000000       0x38 rcc.o
 .text.RCC_LSEConfig
                0x00000000       0x40 rcc.o
 .text.RCC_LSICmd
                0x00000000       0x20 rcc.o
 .text.RCC_RTCCLKConfig
                0x00000000       0x24 rcc.o
 .text.RCC_RTCCLKCmd
                0x00000000       0x20 rcc.o
 .text.RCC_GetClocksFreq
                0x00000000      0x16c rcc.o
 .text.RCC_AHBPeriphClockCmd
                0x00000000       0x3c rcc.o
 .text.RCC_APB1PeriphClockCmd
                0x00000000       0x3c rcc.o
 .text.RCC_APB2PeriphResetCmd
                0x00000000       0x3c rcc.o
 .text.RCC_APB1PeriphResetCmd
                0x00000000       0x3c rcc.o
 .text.RCC_BackupResetCmd
                0x00000000       0x20 rcc.o
 .text.RCC_ClockSecuritySystemCmd
                0x00000000       0x20 rcc.o
 .text.RCC_MCOConfig
                0x00000000       0x20 rcc.o
 .text.RCC_GetFlagStatus
                0x00000000       0x74 rcc.o
 .text.RCC_ClearFlag
                0x00000000       0x1c rcc.o
 .text.RCC_GetITStatus
                0x00000000       0x34 rcc.o
 .text.RCC_ClearITPendingBit
                0x00000000       0x20 rcc.o
 .text          0x00000000       0x14 startup.o
 .data          0x00000000        0x0 startup.o
 .bss           0x00000000        0x0 startup.o

Memory Configuration

Name             Origin             Length             Attributes
FLASH            0x08000000         0x00010000         xr
RAM              0x20000000         0x00005000         xrw
*default*        0x00000000         0xffffffff

Linker script and memory map

LOAD main.o
LOAD system_stm32f10x.o
LOAD gpio.o
LOAD rcc.o
LOAD startup.o
LOAD /usr/lib/gcc/arm-none-eabi/14.2.1/thumb/v7-m/nofp/libgcc.a
                0x20005000                        _estack = (ORIGIN (RAM) + LENGTH (RAM))

.isr_vector     0x08000000      0x10c
                0x08000000                        . = ALIGN (0x4)
 *(.isr_vector)
 .isr_vector    0x08000000      0x10c startup.o
                0x08000000                g_pfnVectors
                0x0800010c                        . = ALIGN (0x4)

.text           0x0800010c      0x664
                0x0800010c                        . = ALIGN (0x4)
 *(.text)
 *(.text.*)
 .text.NVIC_SetPriority
                0x0800010c       0x54 main.o
 .text.SysTick_Config
                0x08000160       0x44 main.o
 .text.GPIO_Config
                0x080001a4       0x68 main.o
                0x080001a4                GPIO_Config
 .text.SysTick_Handler
                0x0800020c       0x94 main.o
                0x0800020c                SysTick_Handler
 .text.main     0x080002a0       0x34 main.o
                0x080002a0                main
 .text.SystemInit
                0x080002d4       0x68 system_stm32f10x.o
                0x080002d4                SystemInit
 .text.SystemCoreClockUpdate
                0x0800033c       0xe4 system_stm32f10x.o
                0x0800033c                SystemCoreClockUpdate
 .text.SetSysClock
                0x08000420        0xc system_stm32f10x.o
 .text.SetSysClockTo72
                0x0800042c      0x100 system_stm32f10x.o
 .text.GPIO_Init
                0x0800052c      0x178 gpio.o
                0x0800052c                GPIO_Init
 .text.GPIO_SetBits
                0x080006a4       0x1c gpio.o
                0x080006a4                GPIO_SetBits
 .text.GPIO_ResetBits
                0x080006c0       0x1c gpio.o
                0x080006c0                GPIO_ResetBits
 .text.RCC_APB2PeriphClockCmd
                0x080006dc       0x3c rcc.o
                0x080006dc                RCC_APB2PeriphClockCmd
 .text.Reset_Handler
                0x08000718       0x44 startup.o
                0x08000718                Reset_Handler
 .text.Default_Handler
                0x0800075c        0x2 startup.o
                0x0800075c                EXTI2_IRQHandler
                0x0800075c                DebugMon_Handler
                0x0800075c                TIM1_CC_IRQHandler
                0x0800075c                HardFault_Handler
                0x0800075c                PVD_IRQHandler
                0x0800075c                PendSV_Handler
                0x0800075c                NMI_Handler
                0x0800075c                EXTI3_IRQHandler
                0x0800075c                EXTI0_IRQHandler
                0x0800075c                I2C2_EV_IRQHandler
                0x0800075c                UsageFault_Handler
                0x0800075c                ADC1_2_IRQHandler
                0x0800075c                SPI1_IRQHandler
                0x0800075c                TAMPER_IRQHandler
                0x0800075c                DMA1_Channel4_IRQHandler
                0x0800075c                USART3_IRQHandler
                0x0800075c                RTC_IRQHandler
                0x0800075c                DMA1_Channel7_IRQHandler
                0x0800075c                CAN1_RX1_IRQHandler
                0x0800075c                TIM4_IRQHandler
                0x0800075c                I2C1_EV_IRQHandler
                0x0800075c                DMA1_Channel6_IRQHandler
                0x0800075c                TIM3_IRQHandler
                0x0800075c                RCC_IRQHandler
                0x0800075c                TIM1_TRG_COM_IRQHandler
                0x0800075c                DMA1_Channel1_IRQHandler
                0x0800075c                Default_Handler
                0x0800075c                EXTI15_10_IRQHandler
                0x0800075c                EXTI9_5_IRQHandler
                0x0800075c                SPI2_IRQHandler
                0x0800075c                MemManage_Handler
                0x0800075c                SVC_Handler
                0x0800075c                DMA1_Channel5_IRQHandler
                0x0800075c                EXTI4_IRQHandler
                0x0800075c                USB_LP_CAN1_RX0_IRQHandler
                0x0800075c                USB_HP_CAN1_TX_IRQHandler
                0x0800075c                DMA1_Channel3_IRQHandler
                0x0800075c                TIM1_UP_IRQHandler
                0x0800075c                WWDG_IRQHandler
                0x0800075c                TIM2_IRQHandler
                0x0800075c                TIM1_BRK_IRQHandler
                0x0800075c                EXTI1_IRQHandler
                0x0800075c                RTCAlarm_IRQHandler
                0x0800075c                USART2_IRQHandler
                0x0800075c                I2C2_ER_IRQHandler
                0x0800075c                DMA1_Channel2_IRQHandler
                0x0800075c                CAN1_SCE_IRQHandler
                0x0800075c                FLASH_IRQHandler
                0x0800075c                BusFault_Handler
                0x0800075c                USART1_IRQHandler
                0x0800075c                I2C1_ER_IRQHandler
                0x0800075c                USBWakeUp_IRQHandler
 *(.rodata)
 *(.rodata.*)
 *fill*         0x0800075e        0x2 
 .rodata.AHBPrescTable
                0x08000760       0x10 system_stm32f10x.o
                0x08000760                AHBPrescTable
                0x08000770                        . = ALIGN (0x4)
                0x08000770                        _etext = .

.glue_7         0x08000770        0x0
 .glue_7        0x08000770        0x0 linker stubs

.glue_7t        0x08000770        0x0
 .glue_7t       0x08000770        0x0 linker stubs

.vfp11_veneer   0x08000770        0x0
 .vfp11_veneer  0x08000770        0x0 linker stubs

.v4_bx          0x08000770        0x0
 .v4_bx         0x08000770        0x0 linker stubs

.iplt           0x08000770        0x0
 .iplt          0x08000770        0x0 main.o

.rel.dyn        0x08000770        0x0
 .rel.iplt      0x08000770        0x0 main.o

.data           0x20000000        0x4 load address 0x08000770
                0x20000000                        . = ALIGN (0x4)
                0x20000000                        _sdata = .
 *(.data)
 *(.data.*)
 .data.SystemCoreClock
                0x20000000        0x4 system_stm32f10x.o
                0x20000000                SystemCoreClock
                0x20000004                        . = ALIGN (0x4)
                0x20000004                        _edata = .
                0x08000770                        _sidata = LOADADDR (.data)

.igot.plt       0x20000004        0x0 load address 0x08000774
 .igot.plt      0x20000004        0x0 main.o

.bss            0x20000004        0xc load address 0x08000774
                0x20000004                        . = ALIGN (0x4)
                0x20000004                        _sbss = .
 *(.bss)
 *(.bss.*)
 .bss.count_01Hz
                0x20000004        0x4 main.o
                0x20000004                count_01Hz
 .bss.count_1Hz
                0x20000008        0x4 main.o
                0x20000008                count_1Hz
 .bss.count_10Hz
                0x2000000c        0x4 main.o
                0x2000000c                count_10Hz
 *(COMMON)
                0x20000010                        . = ALIGN (0x4)
                0x20000010                        _ebss = .

/DISCARD/
 *(.note.GNU-stack)
OUTPUT(systick.elf elf32-littlearm)
LOAD linker stubs

.debug_info     0x00000000     0x1a2b
 .debug_info    0x00000000      0x74f main.o
 .debug_info    0x0000074f      0x3fa system_stm32f10x.o
 .debug_info    0x00000b49      0x6b2 gpio.o
 .debug_info    0x000011fb      0x830 rcc.o

.debug_abbrev   0x00000000      0x810
 .debug_abbrev  0x00000000      0x263 main.o
 .debug_abbrev  0x00000263      0x1b7 system_stm32f10x.o
 .debug_abbrev  0x0000041a      0x215 gpio.o
 .debug_abbrev  0x0000062f      0x1e1 rcc.o

.debug_aranges  0x00000000      0x238
 .debug_aranges
                0x00000000       0x40 main.o
 .debug_aranges
                0x00000040       0x38 system_stm32f10x.o
 .debug_aranges
                0x00000078       0xa8 gpio.o
 .debug_aranges
                0x00000120      0x118 rcc.o

.debug_rnglists
                0x00000000      0x19e
 .debug_rnglists
                0x00000000       0x2c main.o
 .debug_rnglists
                0x0000002c       0x27 system_stm32f10x.o
 .debug_rnglists
                0x00000053       0x7d gpio.o
 .debug_rnglists
                0x000000d0       0xce rcc.o

.debug_line     0x00000000     0x1074
 .debug_line    0x00000000      0x230 main.o
 .debug_line    0x00000230      0x294 system_stm32f10x.o
 .debug_line    0x000004c4      0x4fc gpio.o
 .debug_line    0x000009c0      0x6b4 rcc.o

.debug_str      0x00000000      0xda4
 .debug_str     0x00000000      0xda4 main.o
                                0x725 (size before relaxing)
 .debug_str     0x00000da4        0x0 system_stm32f10x.o
                                0x2b2 (size before relaxing)
 .debug_str     0x00000da4        0x0 gpio.o
                                0x521 (size before relaxing)
 .debug_str     0x00000da4        0x0 rcc.o
                                0x60b (size before relaxing)

.comment        0x00000000       0x26
 .comment       0x00000000       0x26 main.o
                                 0x27 (size before relaxing)
 .comment       0x00000026        0x0 system_stm32f10x.o
                                 0x27 (size before relaxing)
 .comment       0x00000026        0x0 gpio.o
                                 0x27 (size before relaxing)
 .comment       0x00000026        0x0 rcc.o
                                 0x27 (size before relaxing)

.ARM.attributes
                0x00000000       0x2b
 .ARM.attributes
                0x00000000       0x2d main.o
 .ARM.attributes
                0x0000002d       0x2d system_stm32f10x.o
 .ARM.attributes
                0x0000005a       0x2d gpio.o
 .ARM.attributes
                0x00000087       0x2d rcc.o
 .ARM.attributes
                0x000000b4       0x21 startup.o

.debug_frame    0x00000000      0x918
 .debug_frame   0x00000000       0xbc main.o
 .debug_frame   0x000000bc       0x98 system_stm32f10x.o
 .debug_frame   0x00000154      0x2d0 gpio.o
 .debug_frame   0x00000424      0x4f4 rcc.o
