
Discarded input sections

 .text          0x00000000        0x0 main.o
 .data          0x00000000        0x0 main.o
 .bss           0x00000000        0x0 main.o
 .text          0x00000000        0x0 system_stm32f10x.o
 .data          0x00000000        0x0 system_stm32f10x.o
 .bss           0x00000000        0x0 system_stm32f10x.o
 .text          0x00000000        0x0 gpio.o
 .data          0x00000000        0x0 gpio.o
 .bss           0x00000000        0x0 gpio.o
 .text.GPIO_DeInit
                0x00000000       0xe4 gpio.o
 .text.GPIO_AFIODeInit
                0x00000000       0x18 gpio.o
 .text.GPIO_StructInit
                0x00000000       0x26 gpio.o
 .text.GPIO_ReadInputDataBit
                0x00000000       0x32 gpio.o
 .text.GPIO_ReadInputData
                0x00000000       0x18 gpio.o
 .text.GPIO_ReadOutputDataBit
                0x00000000       0x32 gpio.o
 .text.GPIO_ReadOutputData
                0x00000000       0x18 gpio.o
 .text.GPIO_SetBits
                0x00000000       0x1c gpio.o
 .text.GPIO_ResetBits
                0x00000000       0x1c gpio.o
 .text.GPIO_WriteBit
                0x00000000       0x2e gpio.o
 .text.GPIO_Write
                0x00000000       0x1c gpio.o
 .text.GPIO_PinLockConfig
                0x00000000       0x42 gpio.o
 .text.GPIO_EventOutputConfig
                0x00000000       0x4c gpio.o
 .text.GPIO_EventOutputCmd
                0x00000000       0x20 gpio.o
 .text.GPIO_PinRemapConfig
                0x00000000       0xe0 gpio.o
 .text.GPIO_EXTILineConfig
                0x00000000       0x80 gpio.o
 .text.GPIO_ETH_MediaInterfaceConfig
                0x00000000       0x1c gpio.o
 .text          0x00000000        0x0 rcc.o
 .data          0x00000000        0x0 rcc.o
 .bss           0x00000000        0x0 rcc.o
 .rodata.APBAHBPrescTable
                0x00000000       0x10 rcc.o
 .rodata.ADCPrescTable
                0x00000000        0x4 rcc.o
 .text.RCC_DeInit
                0x00000000       0x5c rcc.o
 .text.RCC_HSEConfig
                0x00000000       0x5c rcc.o
 .text.RCC_WaitForHSEStartUp
                0x00000000       0x50 rcc.o
 .text.RCC_AdjustHSICalibrationValue
                0x00000000       0x3c rcc.o
 .text.RCC_HSICmd
                0x00000000       0x20 rcc.o
 .text.RCC_PLLConfig
                0x00000000       0x3c rcc.o
 .text.RCC_PLLCmd
                0x00000000       0x20 rcc.o
 .text.RCC_SYSCLKConfig
                0x00000000       0x38 rcc.o
 .text.RCC_GetSYSCLKSource
                0x00000000       0x1c rcc.o
 .text.RCC_HCLKConfig
                0x00000000       0x38 rcc.o
 .text.RCC_PCLK1Config
                0x00000000       0x38 rcc.o
 .text.RCC_PCLK2Config
                0x00000000       0x38 rcc.o
 .text.RCC_ITConfig
                0x00000000       0x4c rcc.o
 .text.RCC_USBCLKConfig
                0x00000000       0x1c rcc.o
 .text.RCC_ADCCLKConfig
                0x00000000       0x38 rcc.o
 .text.RCC_LSEConfig
                0x00000000       0x40 rcc.o
 .text.RCC_LSICmd
                0x00000000       0x20 rcc.o
 .text.RCC_RTCCLKConfig
                0x00000000       0x24 rcc.o
 .text.RCC_RTCCLKCmd
                0x00000000       0x20 rcc.o
 .text.RCC_GetClocksFreq
                0x00000000      0x16c rcc.o
 .text.RCC_AHBPeriphClockCmd
                0x00000000       0x3c rcc.o
 .text.RCC_APB2PeriphResetCmd
                0x00000000       0x3c rcc.o
 .text.RCC_APB1PeriphResetCmd
                0x00000000       0x3c rcc.o
 .text.RCC_BackupResetCmd
                0x00000000       0x20 rcc.o
 .text.RCC_ClockSecuritySystemCmd
                0x00000000       0x20 rcc.o
 .text.RCC_MCOConfig
                0x00000000       0x20 rcc.o
 .text.RCC_GetFlagStatus
                0x00000000       0x74 rcc.o
 .text.RCC_ClearFlag
                0x00000000       0x1c rcc.o
 .text.RCC_GetITStatus
                0x00000000       0x34 rcc.o
 .text.RCC_ClearITPendingBit
                0x00000000       0x20 rcc.o
 .text          0x00000000        0x0 tim.o
 .data          0x00000000        0x0 tim.o
 .bss           0x00000000        0x0 tim.o
 .text.TIM_DeInit
                0x00000000      0x22c tim.o
 .text.TIM_ICInit
                0x00000000       0xa8 tim.o
 .text.TIM_PWMIConfig
                0x00000000       0xb8 tim.o
 .text.TIM_BDTRConfig
                0x00000000       0x4e tim.o
 .text.TIM_TimeBaseStructInit
                0x00000000       0x32 tim.o
 .text.TIM_OCStructInit
                0x00000000       0x42 tim.o
 .text.TIM_ICStructInit
                0x00000000       0x30 tim.o
 .text.TIM_BDTRStructInit
                0x00000000       0x3c tim.o
 .text.TIM_CtrlPWMOutputs
                0x00000000       0x4a tim.o
 .text.TIM_ITConfig
                0x00000000       0x46 tim.o
 .text.TIM_GenerateEvent
                0x00000000       0x1c tim.o
 .text.TIM_DMAConfig
                0x00000000       0x28 tim.o
 .text.TIM_DMACmd
                0x00000000       0x46 tim.o
 .text.TIM_InternalClockConfig
                0x00000000       0x22 tim.o
 .text.TIM_ITRxExternalClockConfig
                0x00000000       0x2e tim.o
 .text.TIM_TIxExternalClockConfig
                0x00000000       0x5c tim.o
 .text.TIM_ETRClockMode1Config
                0x00000000       0x5e tim.o
 .text.TIM_ETRClockMode2Config
                0x00000000       0x3e tim.o
 .text.TIM_ETRConfig
                0x00000000       0x52 tim.o
 .text.TIM_PrescalerConfig
                0x00000000       0x26 tim.o
 .text.TIM_CounterModeConfig
                0x00000000       0x36 tim.o
 .text.TIM_SelectInputTrigger
                0x00000000       0x36 tim.o
 .text.TIM_EncoderInterfaceConfig
                0x00000000       0x96 tim.o
 .text.TIM_ForcedOC1Config
                0x00000000       0x36 tim.o
 .text.TIM_ForcedOC2Config
                0x00000000       0x3a tim.o
 .text.TIM_ForcedOC3Config
                0x00000000       0x36 tim.o
 .text.TIM_ForcedOC4Config
                0x00000000       0x3a tim.o
 .text.TIM_SelectCOM
                0x00000000       0x3e tim.o
 .text.TIM_SelectCCDMA
                0x00000000       0x3e tim.o
 .text.TIM_CCPreloadControl
                0x00000000       0x3e tim.o
 .text.TIM_OC1FastConfig
                0x00000000       0x36 tim.o
 .text.TIM_OC2FastConfig
                0x00000000       0x3a tim.o
 .text.TIM_OC3FastConfig
                0x00000000       0x36 tim.o
 .text.TIM_OC4FastConfig
                0x00000000       0x3a tim.o
 .text.TIM_ClearOC1Ref
                0x00000000       0x36 tim.o
 .text.TIM_ClearOC2Ref
                0x00000000       0x3a tim.o
 .text.TIM_ClearOC3Ref
                0x00000000       0x36 tim.o
 .text.TIM_ClearOC4Ref
                0x00000000       0x3a tim.o
 .text.TIM_OC1PolarityConfig
                0x00000000       0x36 tim.o
 .text.TIM_OC1NPolarityConfig
                0x00000000       0x36 tim.o
 .text.TIM_OC2PolarityConfig
                0x00000000       0x3a tim.o
 .text.TIM_OC2NPolarityConfig
                0x00000000       0x3a tim.o
 .text.TIM_OC3PolarityConfig
                0x00000000       0x3a tim.o
 .text.TIM_OC3NPolarityConfig
                0x00000000       0x3a tim.o
 .text.TIM_OC4PolarityConfig
                0x00000000       0x3a tim.o
 .text.TIM_CCxCmd
                0x00000000       0x54 tim.o
 .text.TIM_CCxNCmd
                0x00000000       0x54 tim.o
 .text.TIM_SelectOCxM
                0x00000000       0xb0 tim.o
 .text.TIM_UpdateDisableConfig
                0x00000000       0x3e tim.o
 .text.TIM_UpdateRequestConfig
                0x00000000       0x3e tim.o
 .text.TIM_SelectHallSensor
                0x00000000       0x3e tim.o
 .text.TIM_SelectOnePulseMode
                0x00000000       0x36 tim.o
 .text.TIM_SelectOutputTrigger
                0x00000000       0x36 tim.o
 .text.TIM_SelectSlaveMode
                0x00000000       0x36 tim.o
 .text.TIM_SelectMasterSlaveMode
                0x00000000       0x36 tim.o
 .text.TIM_SetCounter
                0x00000000       0x1c tim.o
 .text.TIM_SetAutoreload
                0x00000000       0x1c tim.o
 .text.TIM_SetCompare1
                0x00000000       0x1c tim.o
 .text.TIM_SetCompare2
                0x00000000       0x1c tim.o
 .text.TIM_SetCompare3
                0x00000000       0x1c tim.o
 .text.TIM_SetCompare4
                0x00000000       0x1e tim.o
 .text.TIM_SetIC1Prescaler
                0x00000000       0x36 tim.o
 .text.TIM_SetIC2Prescaler
                0x00000000       0x3a tim.o
 .text.TIM_SetIC3Prescaler
                0x00000000       0x36 tim.o
 .text.TIM_SetIC4Prescaler
                0x00000000       0x3a tim.o
 .text.TIM_SetClockDivision
                0x00000000       0x36 tim.o
 .text.TIM_GetCapture1
                0x00000000       0x18 tim.o
 .text.TIM_GetCapture2
                0x00000000       0x18 tim.o
 .text.TIM_GetCapture3
                0x00000000       0x18 tim.o
 .text.TIM_GetCapture4
                0x00000000       0x1a tim.o
 .text.TIM_GetCounter
                0x00000000       0x18 tim.o
 .text.TIM_GetPrescaler
                0x00000000       0x18 tim.o
 .text.TIM_GetFlagStatus
                0x00000000       0x36 tim.o
 .text.TIM_ClearFlag
                0x00000000       0x20 tim.o
 .text.TIM_GetITStatus
                0x00000000       0x52 tim.o
 .text.TIM_ClearITPendingBit
                0x00000000       0x20 tim.o
 .text.TI1_Config
                0x00000000       0xe0 tim.o
 .text.TI2_Config
                0x00000000       0xf4 tim.o
 .text.TI3_Config
                0x00000000       0xec tim.o
 .text.TI4_Config
                0x00000000       0xf8 tim.o
 .text          0x00000000       0x14 startup.o
 .data          0x00000000        0x0 startup.o
 .bss           0x00000000        0x0 startup.o

Memory Configuration

Name             Origin             Length             Attributes
FLASH            0x08000000         0x00010000         xr
RAM              0x20000000         0x00005000         xrw
*default*        0x00000000         0xffffffff

Linker script and memory map

LOAD main.o
LOAD system_stm32f10x.o
LOAD gpio.o
LOAD rcc.o
LOAD tim.o
LOAD startup.o
LOAD /usr/lib/gcc/arm-none-eabi/14.2.1/thumb/v7-m/nofp/libgcc.a
                0x20005000                        _estack = (ORIGIN (RAM) + LENGTH (RAM))

.isr_vector     0x08000000      0x10c
                0x08000000                        . = ALIGN (0x4)
 *(.isr_vector)
 .isr_vector    0x08000000      0x10c startup.o
                0x08000000                g_pfnVectors
                0x0800010c                        . = ALIGN (0x4)

.text           0x0800010c      0xc00
                0x0800010c                        . = ALIGN (0x4)
 *(.text)
 *(.text.*)
 .text.GPIO_Config
                0x0800010c       0x30 main.o
                0x0800010c                GPIO_Config
 .text.TIM2_PWM_Config
                0x0800013c       0xc4 main.o
                0x0800013c                TIM2_PWM_Config
 .text.main     0x08000200       0x14 main.o
                0x08000200                main
 .text.SystemInit
                0x08000214       0x68 system_stm32f10x.o
                0x08000214                SystemInit
 .text.SystemCoreClockUpdate
                0x0800027c       0xe4 system_stm32f10x.o
                0x0800027c                SystemCoreClockUpdate
 .text.SetSysClock
                0x08000360        0xc system_stm32f10x.o
 .text.SetSysClockTo72
                0x0800036c      0x100 system_stm32f10x.o
 .text.GPIO_Init
                0x0800046c      0x178 gpio.o
                0x0800046c                GPIO_Init
 .text.RCC_APB2PeriphClockCmd
                0x080005e4       0x3c rcc.o
                0x080005e4                RCC_APB2PeriphClockCmd
 .text.RCC_APB1PeriphClockCmd
                0x08000620       0x3c rcc.o
                0x08000620                RCC_APB1PeriphClockCmd
 .text.TIM_TimeBaseInit
                0x0800065c       0xf8 tim.o
                0x0800065c                TIM_TimeBaseInit
 .text.TIM_OC1Init
                0x08000754      0x118 tim.o
                0x08000754                TIM_OC1Init
 .text.TIM_OC2Init
                0x0800086c      0x110 tim.o
                0x0800086c                TIM_OC2Init
 .text.TIM_OC3Init
                0x0800097c      0x10c tim.o
                0x0800097c                TIM_OC3Init
 .text.TIM_OC4Init
                0x08000a88       0xd0 tim.o
                0x08000a88                TIM_OC4Init
 .text.TIM_Cmd  0x08000b58       0x3e tim.o
                0x08000b58                TIM_Cmd
 .text.TIM_ARRPreloadConfig
                0x08000b96       0x3e tim.o
                0x08000b96                TIM_ARRPreloadConfig
 .text.TIM_OC1PreloadConfig
                0x08000bd4       0x36 tim.o
                0x08000bd4                TIM_OC1PreloadConfig
 .text.TIM_OC2PreloadConfig
                0x08000c0a       0x3a tim.o
                0x08000c0a                TIM_OC2PreloadConfig
 .text.TIM_OC3PreloadConfig
                0x08000c44       0x36 tim.o
                0x08000c44                TIM_OC3PreloadConfig
 .text.TIM_OC4PreloadConfig
                0x08000c7a       0x3a tim.o
                0x08000c7a                TIM_OC4PreloadConfig
 .text.Reset_Handler
                0x08000cb4       0x44 startup.o
                0x08000cb4                Reset_Handler
 .text.Default_Handler
                0x08000cf8        0x2 startup.o
                0x08000cf8                EXTI2_IRQHandler
                0x08000cf8                DebugMon_Handler
                0x08000cf8                TIM1_CC_IRQHandler
                0x08000cf8                HardFault_Handler
                0x08000cf8                SysTick_Handler
                0x08000cf8                PVD_IRQHandler
                0x08000cf8                PendSV_Handler
                0x08000cf8                NMI_Handler
                0x08000cf8                EXTI3_IRQHandler
                0x08000cf8                EXTI0_IRQHandler
                0x08000cf8                I2C2_EV_IRQHandler
                0x08000cf8                UsageFault_Handler
                0x08000cf8                ADC1_2_IRQHandler
                0x08000cf8                SPI1_IRQHandler
                0x08000cf8                TAMPER_IRQHandler
                0x08000cf8                DMA1_Channel4_IRQHandler
                0x08000cf8                USART3_IRQHandler
                0x08000cf8                RTC_IRQHandler
                0x08000cf8                DMA1_Channel7_IRQHandler
                0x08000cf8                CAN1_RX1_IRQHandler
                0x08000cf8                TIM4_IRQHandler
                0x08000cf8                I2C1_EV_IRQHandler
                0x08000cf8                DMA1_Channel6_IRQHandler
                0x08000cf8                TIM3_IRQHandler
                0x08000cf8                RCC_IRQHandler
                0x08000cf8                TIM1_TRG_COM_IRQHandler
                0x08000cf8                DMA1_Channel1_IRQHandler
                0x08000cf8                Default_Handler
                0x08000cf8                EXTI15_10_IRQHandler
                0x08000cf8                EXTI9_5_IRQHandler
                0x08000cf8                SPI2_IRQHandler
                0x08000cf8                MemManage_Handler
                0x08000cf8                SVC_Handler
                0x08000cf8                DMA1_Channel5_IRQHandler
                0x08000cf8                EXTI4_IRQHandler
                0x08000cf8                USB_LP_CAN1_RX0_IRQHandler
                0x08000cf8                USB_HP_CAN1_TX_IRQHandler
                0x08000cf8                DMA1_Channel3_IRQHandler
                0x08000cf8                TIM1_UP_IRQHandler
                0x08000cf8                WWDG_IRQHandler
                0x08000cf8                TIM2_IRQHandler
                0x08000cf8                TIM1_BRK_IRQHandler
                0x08000cf8                EXTI1_IRQHandler
                0x08000cf8                RTCAlarm_IRQHandler
                0x08000cf8                USART2_IRQHandler
                0x08000cf8                I2C2_ER_IRQHandler
                0x08000cf8                DMA1_Channel2_IRQHandler
                0x08000cf8                CAN1_SCE_IRQHandler
                0x08000cf8                FLASH_IRQHandler
                0x08000cf8                BusFault_Handler
                0x08000cf8                USART1_IRQHandler
                0x08000cf8                I2C1_ER_IRQHandler
                0x08000cf8                USBWakeUp_IRQHandler
 *(.rodata)
 *(.rodata.*)
 *fill*         0x08000cfa        0x2 
 .rodata.AHBPrescTable
                0x08000cfc       0x10 system_stm32f10x.o
                0x08000cfc                AHBPrescTable
                0x08000d0c                        . = ALIGN (0x4)
                0x08000d0c                        _etext = .

.glue_7         0x08000d0c        0x0
 .glue_7        0x08000d0c        0x0 linker stubs

.glue_7t        0x08000d0c        0x0
 .glue_7t       0x08000d0c        0x0 linker stubs

.vfp11_veneer   0x08000d0c        0x0
 .vfp11_veneer  0x08000d0c        0x0 linker stubs

.v4_bx          0x08000d0c        0x0
 .v4_bx         0x08000d0c        0x0 linker stubs

.iplt           0x08000d0c        0x0
 .iplt          0x08000d0c        0x0 main.o

.rel.dyn        0x08000d0c        0x0
 .rel.iplt      0x08000d0c        0x0 main.o

.data           0x20000000        0x4 load address 0x08000d0c
                0x20000000                        . = ALIGN (0x4)
                0x20000000                        _sdata = .
 *(.data)
 *(.data.*)
 .data.SystemCoreClock
                0x20000000        0x4 system_stm32f10x.o
                0x20000000                SystemCoreClock
                0x20000004                        . = ALIGN (0x4)
                0x20000004                        _edata = .
                0x08000d0c                        _sidata = LOADADDR (.data)

.igot.plt       0x20000004        0x0 load address 0x08000d10
 .igot.plt      0x20000004        0x0 main.o

.bss            0x20000004        0x0
                0x20000004                        . = ALIGN (0x4)
                0x20000004                        _sbss = .
 *(.bss)
 *(.bss.*)
 *(COMMON)
                0x20000004                        . = ALIGN (0x4)
                0x20000004                        _ebss = .

/DISCARD/
 *(.note.GNU-stack)
OUTPUT(pwm.elf elf32-littlearm)
LOAD linker stubs

.debug_info     0x00000000     0x354b
 .debug_info    0x00000000      0x68d main.o
 .debug_info    0x0000068d      0x3fa system_stm32f10x.o
 .debug_info    0x00000a87      0x6b2 gpio.o
 .debug_info    0x00001139      0x830 rcc.o
 .debug_info    0x00001969     0x1be2 tim.o

.debug_abbrev   0x00000000      0x91a
 .debug_abbrev  0x00000000      0x175 main.o
 .debug_abbrev  0x00000175      0x1b7 system_stm32f10x.o
 .debug_abbrev  0x0000032c      0x215 gpio.o
 .debug_abbrev  0x00000541      0x1e1 rcc.o
 .debug_abbrev  0x00000722      0x1f8 tim.o

.debug_aranges  0x00000000      0x518
 .debug_aranges
                0x00000000       0x30 main.o
 .debug_aranges
                0x00000030       0x38 system_stm32f10x.o
 .debug_aranges
                0x00000068       0xa8 gpio.o
 .debug_aranges
                0x00000110      0x118 rcc.o
 .debug_aranges
                0x00000228      0x2f0 tim.o

.debug_rnglists
                0x00000000      0x3cf
 .debug_rnglists
                0x00000000       0x20 main.o
 .debug_rnglists
                0x00000020       0x27 system_stm32f10x.o
 .debug_rnglists
                0x00000047       0x7d gpio.o
 .debug_rnglists
                0x000000c4       0xce rcc.o
 .debug_rnglists
                0x00000192      0x23d tim.o

.debug_line     0x00000000     0x2182
 .debug_line    0x00000000      0x192 main.o
 .debug_line    0x00000192      0x294 system_stm32f10x.o
 .debug_line    0x00000426      0x4fc gpio.o
 .debug_line    0x00000922      0x6b4 rcc.o
 .debug_line    0x00000fd6     0x11ac tim.o

.debug_str      0x00000000     0x15e4
 .debug_str     0x00000000     0x15e4 main.o
                                0x5ea (size before relaxing)
 .debug_str     0x000015e4        0x0 system_stm32f10x.o
                                0x2a3 (size before relaxing)
 .debug_str     0x000015e4        0x0 gpio.o
                                0x512 (size before relaxing)
 .debug_str     0x000015e4        0x0 rcc.o
                                0x5fc (size before relaxing)
 .debug_str     0x000015e4        0x0 tim.o
                                0xded (size before relaxing)

.comment        0x00000000       0x26
 .comment       0x00000000       0x26 main.o
                                 0x27 (size before relaxing)
 .comment       0x00000026        0x0 system_stm32f10x.o
                                 0x27 (size before relaxing)
 .comment       0x00000026        0x0 gpio.o
                                 0x27 (size before relaxing)
 .comment       0x00000026        0x0 rcc.o
                                 0x27 (size before relaxing)
 .comment       0x00000026        0x0 tim.o
                                 0x27 (size before relaxing)

.ARM.attributes
                0x00000000       0x2b
 .ARM.attributes
                0x00000000       0x2d main.o
 .ARM.attributes
                0x0000002d       0x2d system_stm32f10x.o
 .ARM.attributes
                0x0000005a       0x2d gpio.o
 .ARM.attributes
                0x00000087       0x2d rcc.o
 .ARM.attributes
                0x000000b4       0x2d tim.o
 .ARM.attributes
                0x000000e1       0x21 startup.o

.debug_frame    0x00000000     0x16fc
 .debug_frame   0x00000000       0x74 main.o
 .debug_frame   0x00000074       0x98 system_stm32f10x.o
 .debug_frame   0x0000010c      0x2d0 gpio.o
 .debug_frame   0x000003dc      0x4f4 rcc.o
 .debug_frame   0x000008d0      0xe2c tim.o
